// Jest Snapshot v1, https://goo.gl/fbAQLP

exports[`Date component should render Date component 1`] = `ShallowWrapper {}`;
