// Jest Snapshot v1, https://goo.gl/fbAQLP

exports[`Tweet component should render Tweet component 1`] = `ShallowWrapper {}`;
